// Jest Snapshot v1, https://goo.gl/fbAQLP

exports[`renders correctly react-test-renderer 1`] = `
<div
  className="playgroundButton"
>
  <button
    className="btn draw-border"
  >
    <a
      href="http://localhost:3000/graphql"
      target="_blank"
    >
      Playground
    </a>
  </button>
</div>
`;
